// Code generated by sqlitegen. DO NOT EDIT.

package testqueries

import (
	"errors"
	"fmt"

	"seed/backend/util/sqlite"
	"seed/backend/util/sqlitegen"
)

var _ = errors.New

type getWalletResult struct {
	WalletID   int64
	WalletName string
}

func getWallet(conn *sqlite.Conn, walletID int64) (getWalletResult, error) {
	const query = `SELECT wallets.id, wallets.name
FROM wallets
WHERE wallets.id = ?`

	var out getWalletResult

	before := func(stmt *sqlite.Stmt) {
		stmt.SetInt64(":walletID", walletID)
	}

	onStep := func(i int, stmt *sqlite.Stmt) error {
		if i > 1 {
			return errors.New("getWallet: more than one result return for a single-kind query")
		}

		out.WalletID = stmt.ColumnInt64(0)
		out.WalletName = stmt.ColumnText(1)
		return nil
	}

	err := sqlitegen.ExecStmt(conn, query, before, onStep)
	if err != nil {
		err = fmt.Errorf("failed query: getWallet: %w", err)
	}

	return out, err
}

type listWalletsResult struct {
	WalletID   int64
	WalletName string
}

func listWallets(conn *sqlite.Conn, cursor string, limit int64) ([]listWalletsResult, error) {
	const query = `SELECT wallets.id, wallets.name
FROM wallets
WHERE wallets.id > ? LIMIT ?`

	var out []listWalletsResult

	before := func(stmt *sqlite.Stmt) {
		stmt.SetText(":cursor", cursor)
		stmt.SetInt64(":limit", limit)
	}

	onStep := func(i int, stmt *sqlite.Stmt) error {
		out = append(out, listWalletsResult{
			WalletID:   stmt.ColumnInt64(0),
			WalletName: stmt.ColumnText(1),
		})

		return nil
	}

	err := sqlitegen.ExecStmt(conn, query, before, onStep)
	if err != nil {
		err = fmt.Errorf("failed query: listWallets: %w", err)
	}

	return out, err
}

func insertWallet(conn *sqlite.Conn, id int64, name string) error {
	const query = `INSERT INTO wallets (id, name) VALUES (?, ?)`

	before := func(stmt *sqlite.Stmt) {
		stmt.SetInt64(":id", id)
		stmt.SetText(":name", name)
	}

	onStep := func(i int, stmt *sqlite.Stmt) error {
		return nil
	}

	err := sqlitegen.ExecStmt(conn, query, before, onStep)
	if err != nil {
		err = fmt.Errorf("failed query: insertWallet: %w", err)
	}

	return err
}
